cd blender && git lfs install --local 2>/dev/null || true
bash scripts/build_all_deps.sh
Removed invalid https://projects.blender.org/blender/blender.git/info/lfs access of none.
Updated Git hooks.
Git LFS initialized.
==== wave: foundational ====
cd blender && git config lfs.url "https://projects.blender.org/blender/blender.git/info/lfs"
cd blender && git config "lfs.https://projects.blender.org/blender/blender.git/info/lfs.access" none
cd blender && GIT_TERMINAL_PROMPT=0 git lfs pull --include="release/datafiles/**"
>> release/datafiles LFS pulled (50M)
  ok   zlib
  ok   fmt
  ok   imath
  ok   zstd
  ok   jpeg
  ok   libdeflate
  ok   robinmap
  ok   yamlcpp
  ok   expat
  ok   pystring
  ok   tbb
  ok   eigen
  ok   pugixml
  ok   brotli
==== wave: mid ====
  ok   png
  ok   minizip
  ok   openjph
  ok   tiff
==== wave: text ====
  ok   freetype
==== wave: openexr ====
  ok   openexr
==== wave: ocio ====
  ok   ocio
==== wave: oiio ====
  ok   oiio
==== wave: tint ====
  ok   tint
==== wave: spirv ====
  ok   spirv_tools
==== wave: shaderc ====
  ok   shaderc
==== all deps built into wasm-sysroot ====
wasm-sysroot/lib/libbrotlicommon.a
wasm-sysroot/lib/libbrotlidec.a
wasm-sysroot/lib/libbrotlienc.a
wasm-sysroot/lib/libdeflate.a
wasm-sysroot/lib/libexpat.a
wasm-sysroot/lib/libfmt.a
wasm-sysroot/lib/libfreetype.a
wasm-sysroot/lib/libGenericCodeGen.a
wasm-sysroot/lib/libglslang.a
wasm-sysroot/lib/libglslang-default-resource-limits.a
wasm-sysroot/lib/libIex-3_4.a
wasm-sysroot/lib/libIlmThread-3_4.a
wasm-sysroot/lib/libImath-3_2.a
wasm-sysroot/lib/libjpeg.a
wasm-sysroot/lib/libMachineIndependent.a
wasm-sysroot/lib/libminizip-ng.a
wasm-sysroot/lib/libOpenColorIO.a
wasm-sysroot/lib/libOpenEXR-3_4.a
wasm-sysroot/lib/libOpenEXRCore-3_4.a
wasm-sysroot/lib/libOpenEXRUtil-3_4.a
wasm-sysroot/lib/libOpenImageIO.a
wasm-sysroot/lib/libOpenImageIO_Util.a
wasm-sysroot/lib/libopenjph.a
wasm-sysroot/lib/libOSDependent.a
wasm-sysroot/lib/libpng16.a
wasm-sysroot/lib/libpng.a
wasm-sysroot/lib/libpugixml.a
wasm-sysroot/lib/libpystring.a
wasm-sysroot/lib/libpython3.13.a
wasm-sysroot/lib/libshaderc.a
wasm-sysroot/lib/libshaderc_combined.a
wasm-sysroot/lib/libSPIRV.a
wasm-sysroot/lib/libSPIRV-Tools.a
wasm-sysroot/lib/libSPIRV-Tools-diff.a
wasm-sysroot/lib/libSPIRV-Tools-link.a
wasm-sysroot/lib/libSPIRV-Tools-lint.a
wasm-sysroot/lib/libSPIRV-Tools-opt.a
wasm-sysroot/lib/libSPIRV-Tools-reduce.a
wasm-sysroot/lib/libtbb.a
wasm-sysroot/lib/libtbbmalloc.a
wasm-sysroot/lib/libtiff.a
wasm-sysroot/lib/libtiffxx.a
wasm-sysroot/lib/libyaml-cpp.a
wasm-sysroot/lib/libz.a
wasm-sysroot/lib/libzstd.a
bash scripts/build_shader_tool_native.sh   # native codegen tool (wasm one is buggy)
>> built native shader_tool → /nas/Temp/repos/blender-wasm-fork/wasm-sysroot/bin/shader_tool
export PATH="/nas/Temp/repos/blender-wasm-fork/emsdk/upstream/emscripten:$PATH"; "/nas/Temp/repos/blender-wasm-fork/emsdk/upstream/emscripten/emcmake" cmake -S blender -B build-blender -G Ninja \
	-DCMAKE_BUILD_TYPE=Release \
	-DCMAKE_PREFIX_PATH="/nas/Temp/repos/blender-wasm-fork/wasm-sysroot" -DCMAKE_FIND_ROOT_PATH="/nas/Temp/repos/blender-wasm-fork/wasm-sysroot" \
	-DCMAKE_C_FLAGS="-pthread -fexceptions -pthread -fexceptions -include /nas/Temp/repos/blender-wasm-fork/cmake/wasm_compat.h" \
	-DCMAKE_CXX_FLAGS="-pthread -fexceptions -pthread -fexceptions -include /nas/Temp/repos/blender-wasm-fork/cmake/wasm_compat.h" \
	-DWITH_WEBGPU_BACKEND=ON \
	-C /nas/Temp/repos/blender-wasm-fork/cmake/blender-wasm-cache.cmake
emcmake: cmake -S blender -B build-blender -G Ninja -DCMAKE_BUILD_TYPE=Release -DCMAKE_PREFIX_PATH=/nas/Temp/repos/blender-wasm-fork/wasm-sysroot -DCMAKE_FIND_ROOT_PATH=/nas/Temp/repos/blender-wasm-fork/wasm-sysroot '-DCMAKE_C_FLAGS=-pthread -fexceptions -pthread -fexceptions -include /nas/Temp/repos/blender-wasm-fork/cmake/wasm_compat.h' '-DCMAKE_CXX_FLAGS=-pthread -fexceptions -pthread -fexceptions -include /nas/Temp/repos/blender-wasm-fork/cmake/wasm_compat.h' -DWITH_WEBGPU_BACKEND=ON -C /nas/Temp/repos/blender-wasm-fork/cmake/blender-wasm-cache.cmake -DCMAKE_TOOLCHAIN_FILE=/nas/Temp/repos/blender-wasm-fork/emsdk/upstream/emscripten/cmake/Modules/Platform/Emscripten.cmake -DCMAKE_CROSSCOMPILING_EMULATOR=/nas/Temp/repos/blender-wasm-fork/emsdk/node/24.19.0_64bit/bin/node in directory /nas/Temp/repos/blender-wasm-fork
loading initial cache file /nas/Temp/repos/blender-wasm-fork/cmake/blender-wasm-cache.cmake
-- Looking for malloc_stats
-- Looking for malloc_stats - found
-- Looking for include file execinfo.h
-- Looking for include file execinfo.h - not found
-- WITH_AUDASPACE is disabled, setting WITH_RUBBERBAND=OFF
-- WITH_OPENVDB is disabled, setting WITH_NANOVDB=OFF
-- WITH_FFTW3 is disabled, setting WITH_MOD_OCEANSIM=OFF
-- Found Git: /usr/bin/git (found version "2.47.3")
-- Found JPEG: /nas/Temp/repos/blender-wasm-fork/wasm-sysroot/lib/libjpeg.a (found version "62")
-- Found ZLIB: /nas/Temp/repos/blender-wasm-fork/wasm-sysroot/lib/libz.a (found version "1.3.1")
-- Found PNG: /nas/Temp/repos/blender-wasm-fork/wasm-sysroot/lib/libpng.a (found version "1.6.58")
-- Found Zstd: /nas/Temp/repos/blender-wasm-fork/wasm-sysroot/lib/libzstd.a
-- Found Freetype: /nas/Temp/repos/blender-wasm-fork/wasm-sysroot/lib/libfreetype.a (found version "2.13.3")
-- Looking for FT_CONFIG_OPTION_USE_BROTLI
-- Looking for FT_CONFIG_OPTION_USE_BROTLI - found
-- Found PythonLibsUnix: /nas/Temp/repos/blender-wasm-fork/blender/../wasm-sysroot/lib/libpython3.13.a
-- Performing Test CMAKE_HAVE_LIBC_PTHREAD
-- Performing Test CMAKE_HAVE_LIBC_PTHREAD - Success
-- Found Threads: TRUE
-- Found PugiXML: /nas/Temp/repos/blender-wasm-fork/wasm-sysroot/lib/libpugixml.a
-- WebP not found, disabling WITH_IMAGE_WEBP
-- Found TIFF: /nas/Temp/repos/blender-wasm-fork/wasm-sysroot/lib/cmake/tiff (found version "4.7.1")
-- Found expat: /nas/Temp/repos/blender-wasm-fork/wasm-sysroot/include (found suitable version "2.7.5", minimum required is "2.7.5")
-- Found pystring: /nas/Temp/repos/blender-wasm-fork/wasm-sysroot/include/pystring
-- Found yaml-cpp: /nas/Temp/repos/blender-wasm-fork/wasm-sysroot/lib/libyaml-cpp.a (found suitable version "0.8.0", minimum required is "0.8.0")
-- Found minizip-ng: /nas/Temp/repos/blender-wasm-fork/wasm-sysroot/lib/libminizip-ng.a (found suitable version "4.0.10", minimum required is "4.0.10")
-- Found OpenColorIO: /nas/Temp/repos/blender-wasm-fork/wasm-sysroot/lib/cmake/OpenColorIO/OpenColorIOConfig.cmake (found version "2.5.0")
-- Found OpenColorIO: /nas/Temp/repos/blender-wasm-fork/wasm-sysroot/lib/cmake/OpenColorIO/OpenColorIOConfig.cmake (found suitable version "2.5.0", minimum required is "2.0.0")
-- Found PkgConfig: /usr/bin/pkg-config (found version "1.8.1")
-- Checking for module 'libpipewire-0.3>=1.1.0'
--   Package 'libpipewire-0.3', required by 'virtual:world', not found
-- PipeWire not found, disabling WITH_PIPEWIRE
-- The "mold" binary could not be found, using system linker.
-- The "ld.lld" binary could not be found, using system linker.
-- Performing Test ATOMIC_OPS_WITH_LIBATOMIC
-- Performing Test ATOMIC_OPS_WITH_LIBATOMIC - Failed
-- Using NINJA_POOL_JOBS:
--   NINJA_MAX_NUM_PARALLEL_LINK_JOBS: max concurrent linking jobs (computed): 2
--   NINJA_MAX_NUM_PARALLEL_COMPILE_HEAVY_JOBS: max concurrent heavy compile jobs (computed): 12
--   NINJA_MAX_NUM_PARALLEL_COMPILE_JOBS: max concurrent regular compile jobs (computed): 13
-- Performing Test C_WARN_ALL
-- Performing Test C_WARN_ALL - Success
-- Performing Test C_WARN_ERROR_IMPLICIT_FUNCTION_DECLARATION
-- Performing Test C_WARN_ERROR_IMPLICIT_FUNCTION_DECLARATION - Success
-- Performing Test C_WARN_ERROR_RETURN_TYPE
-- Performing Test C_WARN_ERROR_RETURN_TYPE - Success
-- Performing Test C_WARN_NO_AUTOLOGICAL_COMPARE
-- Performing Test C_WARN_NO_AUTOLOGICAL_COMPARE - Success
-- Performing Test C_WARN_NO_UNKNOWN_PRAGMAS
-- Performing Test C_WARN_NO_UNKNOWN_PRAGMAS - Success
-- Performing Test C_WARN_NO_CHAR_SUBSCRIPTS
-- Performing Test C_WARN_NO_CHAR_SUBSCRIPTS - Success
-- Performing Test C_WARN_STRICT_PROTOTYPES
-- Performing Test C_WARN_STRICT_PROTOTYPES - Success
-- Performing Test C_WARN_MISSING_PROTOTYPES
-- Performing Test C_WARN_MISSING_PROTOTYPES - Success
-- Performing Test C_WARN_UNUSED_PARAMETER
-- Performing Test C_WARN_UNUSED_PARAMETER - Success
-- Performing Test C_WARN_UNDEF
-- Performing Test C_WARN_UNDEF - Success
-- Performing Test C_WARN_UNDEF_PREFIX
-- Performing Test C_WARN_UNDEF_PREFIX - Success
-- Performing Test C_WARN_ERROR_UNGUARDED_AVAILABILITY_NEW
-- Performing Test C_WARN_ERROR_UNGUARDED_AVAILABILITY_NEW - Success
-- Performing Test CXX_WARN_ALL
-- Performing Test CXX_WARN_ALL - Success
-- Performing Test CXX_WARN_NO_AUTOLOGICAL_COMPARE
-- Performing Test CXX_WARN_NO_AUTOLOGICAL_COMPARE - Success
-- Performing Test CXX_WARN_NO_UNKNOWN_PRAGMAS
-- Performing Test CXX_WARN_NO_UNKNOWN_PRAGMAS - Success
-- Performing Test CXX_WARN_NO_CHAR_SUBSCRIPTS
-- Performing Test CXX_WARN_NO_CHAR_SUBSCRIPTS - Success
-- Performing Test CXX_WARN_NO_OVERLOADED_VIRTUAL
-- Performing Test CXX_WARN_NO_OVERLOADED_VIRTUAL - Success
-- Performing Test CXX_WARN_NO_SIGN_COMPARE
-- Performing Test CXX_WARN_NO_SIGN_COMPARE - Success
-- Performing Test CXX_WARN_NO_INVALID_OFFSETOF
-- Performing Test CXX_WARN_NO_INVALID_OFFSETOF - Success
-- Performing Test CXX_WARN_NO_SUGGEST_OVERRIDE
-- Performing Test CXX_WARN_NO_SUGGEST_OVERRIDE - Success
-- Performing Test CXX_WARN_UNDEF
-- Performing Test CXX_WARN_UNDEF - Success
-- Performing Test CXX_WARN_UNDEF_PREFIX
-- Performing Test CXX_WARN_UNDEF_PREFIX - Success
-- Performing Test CXX_WARN_UNUSED_PARAMETER
-- Performing Test CXX_WARN_UNUSED_PARAMETER - Success
-- Performing Test CXX_WARN_MISMATCHED_TAGS
-- Performing Test CXX_WARN_MISMATCHED_TAGS - Success
-- Performing Test CXX_WARN_ERROR_UNGUARDED_AVAILABILITY_NEW
-- Performing Test CXX_WARN_ERROR_UNGUARDED_AVAILABILITY_NEW - Success
-- Performing Test C_AND_CXX_WARN_NO_UNUSED_PARAMETER
-- Performing Test C_AND_CXX_WARN_NO_UNUSED_PARAMETER - Success
-- Performing Test C_AND_CXX_WARN_NO_UNUSED_VARIABLE
-- Performing Test C_AND_CXX_WARN_NO_UNUSED_VARIABLE - Success
-- Performing Test C_AND_CXX_WARN_NO_UNUSED_MACROS
-- Performing Test C_AND_CXX_WARN_NO_UNUSED_MACROS - Success
-- Performing Test C_AND_CXX_WARN_NO_MISLEADING_INDENTATION
-- Performing Test C_AND_CXX_WARN_NO_MISLEADING_INDENTATION - Success
-- Performing Test C_AND_CXX_WARN_NO_MISSING_VARIABLE_DECLARATIONS
-- Performing Test C_AND_CXX_WARN_NO_MISSING_VARIABLE_DECLARATIONS - Success
-- Performing Test C_AND_CXX_WARN_NO_INCOMPAT_PTR_DISCARD_QUAL
-- Performing Test C_AND_CXX_WARN_NO_INCOMPAT_PTR_DISCARD_QUAL - Success
-- Performing Test C_AND_CXX_WARN_NO_UNUSED_FUNCTION
-- Performing Test C_AND_CXX_WARN_NO_UNUSED_FUNCTION - Success
-- Performing Test C_AND_CXX_WARN_NO_INT_TO_VOID_POINTER_CAST
-- Performing Test C_AND_CXX_WARN_NO_INT_TO_VOID_POINTER_CAST - Success
-- Performing Test C_AND_CXX_WARN_NO_MISSING_PROTOTYPES
-- Performing Test C_AND_CXX_WARN_NO_MISSING_PROTOTYPES - Success
-- Performing Test C_AND_CXX_WARN_NO_DUPLICATE_ENUM
-- Performing Test C_AND_CXX_WARN_NO_DUPLICATE_ENUM - Success
-- Performing Test C_AND_CXX_WARN_NO_UNDEF
-- Performing Test C_AND_CXX_WARN_NO_UNDEF - Success
-- Performing Test C_AND_CXX_WARN_NO_MISSING_NORETURN
-- Performing Test C_AND_CXX_WARN_NO_MISSING_NORETURN - Success
-- Performing Test C_AND_CXX_WARN_NO_UNUSED_BUT_SET_VARIABLE
-- Performing Test C_AND_CXX_WARN_NO_UNUSED_BUT_SET_VARIABLE - Success
-- Performing Test C_AND_CXX_WARN_NO_DEPRECATED_DECLARATIONS
-- Performing Test C_AND_CXX_WARN_NO_DEPRECATED_DECLARATIONS - Success
-- Performing Test C_AND_CXX_WARN_NO_STRICT_PROTOTYPES
-- Performing Test C_AND_CXX_WARN_NO_STRICT_PROTOTYPES - Success
-- Performing Test C_AND_CXX_WARN_NO_BITWISE_INSTEAD_OF_LOGICAL
-- Performing Test C_AND_CXX_WARN_NO_BITWISE_INSTEAD_OF_LOGICAL - Success
-- Performing Test C_AND_CXX_WARN_NO_IMPLICIT_CONST_INT_FLOAT_CONVERSION
-- Performing Test C_AND_CXX_WARN_NO_IMPLICIT_CONST_INT_FLOAT_CONVERSION - Success
-- Performing Test C_AND_CXX_WARN_NO_SINGLE_BIT_BITFIELD_CONSTANT_CONVERSION
-- Performing Test C_AND_CXX_WARN_NO_SINGLE_BIT_BITFIELD_CONSTANT_CONVERSION - Success
-- Performing Test CXX_WARN_NO_NONTRIVIAL_MEMCALL
-- Performing Test CXX_WARN_NO_NONTRIVIAL_MEMCALL - Success
-- Performing Test CXX_WARN_NO_UNUSED_PARAMETER
-- Performing Test CXX_WARN_NO_UNUSED_PARAMETER - Success
-- Performing Test CXX_WARN_NO_UNUSED_PRIVATE_FIELD
-- Performing Test CXX_WARN_NO_UNUSED_PRIVATE_FIELD - Success
-- Performing Test CXX_WARN_NO_CXX11_NARROWING
-- Performing Test CXX_WARN_NO_CXX11_NARROWING - Success
-- Performing Test CXX_WARN_NO_NON_VIRTUAL_DTOR
-- Performing Test CXX_WARN_NO_NON_VIRTUAL_DTOR - Success
-- Performing Test CXX_WARN_NO_UNUSED_MACROS
-- Performing Test CXX_WARN_NO_UNUSED_MACROS - Success
-- Performing Test CXX_WARN_NO_UNUSED_VARIABLE
-- Performing Test CXX_WARN_NO_UNUSED_VARIABLE - Success
-- Performing Test CXX_WARN_NO_REORDER
-- Performing Test CXX_WARN_NO_REORDER - Success
-- Performing Test CXX_WARN_NO_COMMENT
-- Performing Test CXX_WARN_NO_COMMENT - Success
-- Performing Test CXX_WARN_NO_UNUSED_TYPEDEFS
-- Performing Test CXX_WARN_NO_UNUSED_TYPEDEFS - Success
-- Performing Test CXX_WARN_NO_UNDEFINED_VAR_TEMPLATE
-- Performing Test CXX_WARN_NO_UNDEFINED_VAR_TEMPLATE - Success
-- Performing Test CXX_WARN_NO_INSTANTIATION_AFTER_SPECIALIZATION
-- Performing Test CXX_WARN_NO_INSTANTIATION_AFTER_SPECIALIZATION - Success
-- Performing Test CXX_WARN_NO_MISLEADING_INDENTATION
-- Performing Test CXX_WARN_NO_MISLEADING_INDENTATION - Success
-- Performing Test CXX_WARN_NO_BITWISE_INSTEAD_OF_LOGICAL
-- Performing Test CXX_WARN_NO_BITWISE_INSTEAD_OF_LOGICAL - Success
-- Performing Test CXX_WARN_NO_IMPLICIT_CONST_INT_FLOAT_CONVERSION
-- Performing Test CXX_WARN_NO_IMPLICIT_CONST_INT_FLOAT_CONVERSION - Success
-- Performing Test CXX_WARN_NO_UNDEF
-- Performing Test CXX_WARN_NO_UNDEF - Success
-- Performing Test CXX_WARN_NO_UNDEF_PREFIX
-- Performing Test CXX_WARN_NO_UNDEF_PREFIX - Success
-- Performing Test CXX_WARN_NO_INCONSISTENT_MISSING_OVERRIDE
-- Performing Test CXX_WARN_NO_INCONSISTENT_MISSING_OVERRIDE - Success
-- Performing Test C_MACRO_PREFIX_MAP
-- Performing Test C_MACRO_PREFIX_MAP - Success
-- Performing Test CXX_MACRO_PREFIX_MAP
-- Performing Test CXX_MACRO_PREFIX_MAP - Success
-- Tests: Using Python executable: /usr/bin/python3.13
-- Tests: Disabling render tests, missing oiiotool
-- C Compiler:   "Clang"
-- C++ Compiler: "Clang"
-- 
Blender Configuration
=====================

  Build Options:
  - WITH_ALEMBIC                        OFF
  - WITH_BULLET                         OFF
  - WITH_CLANG                          OFF
  - WITH_CYCLES                         OFF
  - WITH_FFTW3                          OFF
  - WITH_FREESTYLE                      ON
  - WITH_GMP                            OFF
  - WITH_HARU                           OFF
  - WITH_IK_ITASC                       ON
  - WITH_IK_SOLVER                      ON
  - WITH_INPUT_NDOF                     OFF
  - WITH_INPUT_IME                      OFF
  - WITH_INTERNATIONAL                  OFF
  - WITH_MANIFOLD                       OFF
  - WITH_OPENIMAGEDENOISE               OFF
  - WITH_OPENSUBDIV                     OFF
  - WITH_OPENVDB                        OFF
  - WITH_POTRACE                        OFF
  - WITH_PUGIXML                        ON
  - WITH_QUADRIFLOW                     OFF
  - WITH_TBB                            ON
  - WITH_USD                            OFF
  - WITH_MATERIALX                      OFF
  - WITH_XR_OPENXR                      OFF

  Compiler Options:
  - WITH_BUILDINFO                      ON
  - WITH_OPTIMIZED_BUILD_TOOLS          ON

  System Options:
  - WITH_INSTALL_PORTABLE               ON
  - WITH_TBB_MALLOC_PROXY               OFF
  - WITH_MEM_VALGRIND                   OFF

  GHOST Options:
  - WITH_GHOST_DEBUG                    OFF
  - WITH_GHOST_SDL                      OFF
  - WITH_GHOST_X11                      OFF
  - WITH_GHOST_WAYLAND                  OFF

  Profiling Options:
  - WITH_TRACY                          OFF

  Image Formats:
  - WITH_IMAGE_CINEON                   ON
  - WITH_IMAGE_OPENJPEG                 OFF

  Audio:
  - WITH_AUDASPACE                      OFF
  - WITH_RUBBERBAND                     OFF
  - WITH_CODEC_FFMPEG                   OFF
  - WITH_CODEC_SNDFILE                  OFF
  - WITH_COREAUDIO                      OFF
  - WITH_JACK                           OFF
  - WITH_JACK_DYNLOAD                   OFF
  - WITH_OPENAL                         OFF
  - WITH_PULSEAUDIO                     OFF
  - WITH_PULSEAUDIO_DYNLOAD             OFF
  - WITH_SDL_AUDIO                      OFF
  - WITH_WASAPI                         OFF

  Python:
  - WITH_PYTHON_INSTALL                 OFF
  - WITH_PYTHON_MODULE                  OFF
  - WITH_PYTHON_SAFETY                  OFF

  Modifiers:
  - WITH_MOD_FLUID                      OFF
  - WITH_MOD_OCEANSIM                   OFF
  - WITH_MOD_REMESH                     ON

  Rendering:
  - WITH_HYDRA                          OFF

  Tests:
  - WITH_GTESTS                         OFF
  - CYCLES_TEST_DEVICES                 CPU
  - WITH_CYCLES_TEST_OSL                OFF
  - WITH_GPU_RENDER_TESTS               OFF
  - WITH_GPU_BACKEND_TESTS              OFF
  - WITH_GPU_DRAW_TESTS                 OFF
  - WITH_GPU_COMPOSITOR_TESTS           OFF
  - WITH_GPU_MESH_PAINT_TESTS           OFF
  - WITH_UI_TESTS                       OFF
  - WITH_UI_TESTS_HEADLESS              OFF
  - WITH_UI_TESTS_VULKAN                ON
  - WITH_GPU_RENDER_TESTS_VULKAN        OFF
  - WITH_LINUX_OFFICIAL_RELEASE_TESTS   OFF

  
-- Configuring done (78.5s)
-- Generating done (3.8s)
-- Build files have been written to: /nas/Temp/repos/blender-wasm-fork/build-blender
